============================= test session starts =============================
platform win32 -- Python 3.12.7, pytest-7.4.4, pluggy-1.0.0
rootdir: D:\Code_stuff\email_stuff\email_security
configfile: pytest.ini
plugins: anyio-4.2.0, langsmith-0.7.24
collected 25 items

tests\test_attachment_ensemble_smoke.py .                                [  4%]
tests\test_bootstrap_config.py ..                                        [ 12%]
tests\test_content_preprocessing.py .                                    [ 16%]
tests\test_dataset_layer.py .                                            [ 20%]
tests\test_email_parser_capabilities.py ..                               [ 28%]
tests\test_header_edge_calibration.py ...                                [ 40%]
tests\test_langgraph_orchestrator.py .                                   [ 44%]
tests\test_operational_flow_e2e.py F                                     [ 48%]
tests\test_orchestrator_partial_finalization.py ...                      [ 60%]
tests\test_sandbox_agent_behavior.py .....                               [ 80%]
tests\test_sandbox_model_inference.py .                                  [ 84%]
tests\test_sandbox_preprocessing.py ..                                   [ 92%]
tests\test_threat_intel_smoke.py .                                       [ 96%]
tests\test_url_model_smoke.py .                                          [100%]

================================== FAILURES ===================================
________ test_operational_flow_ingest_finalize_actions_and_report_poll ________

monkeypatch = <_pytest.monkeypatch.MonkeyPatch object at 0x000001FA434267E0>

    def test_operational_flow_ingest_finalize_actions_and_report_poll(monkeypatch) -> None:
        _FakeRabbitMQClient.published_events.clear()
        action_calls: list[tuple[str, dict[str, Any]]] = []
    
        monkeypatch.setattr(api_main, "RabbitMQClient", _FakeRabbitMQClient)
        monkeypatch.setattr(response_engine, "_safe_call", lambda url, payload: action_calls.append((url, payload)))
        monkeypatch.setattr(response_engine.settings, "quarantine_api_url", "http://quarantine.local/quarantine", raising=False)
        monkeypatch.setattr(response_engine.settings, "soc_alert_api_url", "http://soc.local/alerts", raising=False)
    
        report_store: dict[str, dict[str, Any]] = {}
        monkeypatch.setattr(
            api_main.psycopg2,
            "connect",
            lambda _url: _FakeConnection(report_store),
        )
    
        client = TestClient(api_main.app)
    
        post_resp = client.post(
            "/analyze-email",
            json={
                "headers": {
                    "sender": "attacker@evil.example",
                    "reply_to": "ops@evil.example",
                    "subject": "Urgent payroll update",
                    "received": ["from bad-host by victim-mx"],
                    "message_id": "<m1>",
                    "authentication_results": "spf=fail; dkim=fail; dmarc=fail",
                },
                "body": "Please login now at https://evil.example/login",
                "urls": ["https://evil.example/login"],
                "attachments": [],
            },
        )
    
        assert post_resp.status_code == 200
        analysis_id = post_resp.json()["analysis_id"]
        assert analysis_id
        assert _FakeRabbitMQClient.published_events
        assert _FakeRabbitMQClient.published_events[0]["analysis_id"] == analysis_id
    
        # Report is not available before orchestrator finalization.
        pre_report = client.get(f"/reports/{analysis_id}")
        assert pre_report.status_code == 404
    
        worker = _TestWorker()
        for agent_name in sorted(EXPECTED_AGENTS):
>           worker._handle_result(
                {
                    "analysis_id": analysis_id,
                    "agent_name": agent_name,
                    "risk_score": 0.95,
                    "confidence": 0.98,
                    "indicators": ["critical_chain_detected", "credential_harvest_pattern"],
                }
            )

tests\test_operational_flow_e2e.py:151: 
_ _ _ _ _ _ _ _ _ _ _ _ _ _ _ _ _ _ _ _ _ _ _ _ _ _ _ _ _ _ _ _ _ _ _ _ _ _ _ _
orchestrator\runner.py:181: in _handle_result
    final_state = self.graph.run(initial_state)
orchestrator\langgraph_workflow.py:63: in run
    return self._graph.invoke(initial_state)
C:\Users\MK\Anaconda\Lib\site-packages\langgraph\pregel\main.py:3296: in invoke
    for chunk in self.stream(
C:\Users\MK\Anaconda\Lib\site-packages\langgraph\pregel\main.py:2727: in stream
    for _ in runner.tick(
C:\Users\MK\Anaconda\Lib\site-packages\langgraph\pregel\_runner.py:167: in tick
    run_with_retry(
C:\Users\MK\Anaconda\Lib\site-packages\langgraph\pregel\_retry.py:96: in run_with_retry
    return task.proc.invoke(task.input, config)
C:\Users\MK\Anaconda\Lib\site-packages\langgraph\_internal\_runnable.py:656: in invoke
    input = context.run(step.invoke, input, config, **kwargs)
C:\Users\MK\Anaconda\Lib\site-packages\langgraph\_internal\_runnable.py:400: in invoke
    ret = self.func(*args, **kwargs)
orchestrator\langgraph_workflow.py:136: in _act_node
    self._execute_actions(decision)
_ _ _ _ _ _ _ _ _ _ _ _ _ _ _ _ _ _ _ _ _ _ _ _ _ _ _ _ _ _ _ _ _ _ _ _ _ _ _ _

self = <action_layer.response_engine.ResponseEngine object at 0x000001FA3C2E2C30>
decision = {'agent_results': [{'agent_name': 'attachment_agent', 'analysis_id': 'c6c3f1bd-0854-45c4-9a49-017616e7b9c1', 'confiden...ntial_harvest_pattern', 'critical_chain_detected'], 'correlation_score': 0.25}, 'finalization_reason': 'complete', ...}

    def execute_actions(self, decision: dict[str, Any]) -> None:
        actions = decision.get("recommended_actions", [])
        analysis_id = decision.get("analysis_id", "unknown-id")
        score = decision.get("overall_risk_score", 0.0)
        verdict = decision.get("verdict", "unknown")
    
        # Extract reasons. Sometimes they are in nested agent results or a top-level summary.
        # Fallback to a composite string if no explicit reasons list exists.
        reasons = decision.get("reasons", [])
        if not reasons:
            # Try to build reasons from the decision payload
            reasons = [f"Verdict is {verdict} with a risk score of {score:.2f}"]
>           for agent, result in decision.get("agent_results", {}).items():
E           AttributeError: 'list' object has no attribute 'items'
E           During task with name 'act' and id '06e23f9c-84fb-016b-42bf-c08a8693ed77'

action_layer\response_engine.py:65: AttributeError
---------------------------- Captured stderr call -----------------------------
2026-04-03 15:42:07.693 | INFO     | api.main:analyze_email:276 - Email received for analysis
2026-04-03 15:42:07.699 | INFO     | orchestrator.runner:_handle_result:163 - Result received
2026-04-03 15:42:07.699 | INFO     | orchestrator.runner:_handle_result:163 - Result received
2026-04-03 15:42:07.699 | INFO     | orchestrator.runner:_handle_result:163 - Result received
2026-04-03 15:42:07.699 | INFO     | orchestrator.runner:_handle_result:163 - Result received
2026-04-03 15:42:07.699 | INFO     | orchestrator.runner:_handle_result:163 - Result received
2026-04-03 15:42:07.699 | INFO     | orchestrator.runner:_handle_result:163 - Result received
2026-04-03 15:42:07.699 | INFO     | orchestrator.scoring_engine.scorer:calculate_threat_score:40 - Calculating threat score
2026-04-03 15:42:07.699 | INFO     | orchestrator.scoring_engine.scorer:calculate_threat_score:76 - Threat score calculated
2026-04-03 15:42:07.699 | INFO     | orchestrator.langgraph_workflow:_score_node:68 - LangGraph node complete
2026-04-03 15:42:07.699 | INFO     | orchestrator.threat_correlation.correlator:correlate_threats:24 - Correlating threats
2026-04-03 15:42:07.699 | INFO     | orchestrator.threat_correlation.correlator:correlate_threats:56 - Correlation complete
2026-04-03 15:42:07.699 | INFO     | orchestrator.langgraph_workflow:_correlate_node:74 - LangGraph node complete
2026-04-03 15:42:07.699 | INFO     | orchestrator.langgraph_workflow:_decide_node:98 - LangGraph node complete
2026-04-03 15:42:07.699 | INFO     | orchestrator.langgraph_workflow:_reason_node:112 - LangGraph node complete
2026-04-03 15:42:10.543 | WARNING  | garuda_integration.bridge:trigger_garuda_investigation:43 - Garuda integration unavailable
2026-04-03 15:42:10.543 | INFO     | orchestrator.langgraph_workflow:_garuda_node:121 - LangGraph node complete
2026-04-03 15:42:10.544 | INFO     | orchestrator.langgraph_workflow:_persist_node:128 - LangGraph node complete
============================== warnings summary ===============================
C:\Users\MK\Anaconda\Lib\site-packages\paramiko\pkey.py:82
  C:\Users\MK\Anaconda\Lib\site-packages\paramiko\pkey.py:82: CryptographyDeprecationWarning: TripleDES has been moved to cryptography.hazmat.decrepit.ciphers.algorithms.TripleDES and will be removed from this module in 48.0.0.
    "cipher": algorithms.TripleDES,

C:\Users\MK\Anaconda\Lib\site-packages\paramiko\transport.py:219
  C:\Users\MK\Anaconda\Lib\site-packages\paramiko\transport.py:219: CryptographyDeprecationWarning: Blowfish has been moved to cryptography.hazmat.decrepit.ciphers.algorithms.Blowfish and will be removed from this module in 45.0.0.
    "class": algorithms.Blowfish,

C:\Users\MK\Anaconda\Lib\site-packages\paramiko\transport.py:243
  C:\Users\MK\Anaconda\Lib\site-packages\paramiko\transport.py:243: CryptographyDeprecationWarning: TripleDES has been moved to cryptography.hazmat.decrepit.ciphers.algorithms.TripleDES and will be removed from this module in 48.0.0.
    "class": algorithms.TripleDES,

-- Docs: https://docs.pytest.org/en/stable/how-to/capture-warnings.html
=========================== short test summary info ===========================
FAILED tests/test_operational_flow_e2e.py::test_operational_flow_ingest_finalize_actions_and_report_poll
================== 1 failed, 24 passed, 3 warnings in 8.76s ===================
